Archive member included to satisfy reference by file (symbol)

C:/ST/STM32CubeIDE_1.14.0/STM32CubeIDE/plugins/com.st.stm32cube.ide.mcu.externaltools.gnu-tools-for-stm32.11.3.rel1.win32_1.1.100.202309141235/tools/bin/../lib/gcc/arm-none-eabi/11.3.1/../../../../arm-none-eabi/lib/thumb/v7e-m+fp/hard\libc_nano.a(libc_a-exit.o)
                              C:/ST/STM32CubeIDE_1.14.0/STM32CubeIDE/plugins/com.st.stm32cube.ide.mcu.externaltools.gnu-tools-for-stm32.11.3.rel1.win32_1.1.100.202309141235/tools/bin/../lib/gcc/arm-none-eabi/11.3.1/../../../../arm-none-eabi/lib/thumb/v7e-m+fp/hard/crt0.o (exit)
C:/ST/STM32CubeIDE_1.14.0/STM32CubeIDE/plugins/com.st.stm32cube.ide.mcu.externaltools.gnu-tools-for-stm32.11.3.rel1.win32_1.1.100.202309141235/tools/bin/../lib/gcc/arm-none-eabi/11.3.1/../../../../arm-none-eabi/lib/thumb/v7e-m+fp/hard\libc_nano.a(libc_a-findfp.o)
                              C:/ST/STM32CubeIDE_1.14.0/STM32CubeIDE/plugins/com.st.stm32cube.ide.mcu.externaltools.gnu-tools-for-stm32.11.3.rel1.win32_1.1.100.202309141235/tools/bin/../lib/gcc/arm-none-eabi/11.3.1/../../../../arm-none-eabi/lib/thumb/v7e-m+fp/hard\libc_nano.a(libc_a-exit.o) (__stdio_exit_handler)
C:/ST/STM32CubeIDE_1.14.0/STM32CubeIDE/plugins/com.st.stm32cube.ide.mcu.externaltools.gnu-tools-for-stm32.11.3.rel1.win32_1.1.100.202309141235/tools/bin/../lib/gcc/arm-none-eabi/11.3.1/../../../../arm-none-eabi/lib/thumb/v7e-m+fp/hard\libc_nano.a(libc_a-fwalk.o)
                              C:/ST/STM32CubeIDE_1.14.0/STM32CubeIDE/plugins/com.st.stm32cube.ide.mcu.externaltools.gnu-tools-for-stm32.11.3.rel1.win32_1.1.100.202309141235/tools/bin/../lib/gcc/arm-none-eabi/11.3.1/../../../../arm-none-eabi/lib/thumb/v7e-m+fp/hard\libc_nano.a(libc_a-findfp.o) (_fwalk_sglue)
C:/ST/STM32CubeIDE_1.14.0/STM32CubeIDE/plugins/com.st.stm32cube.ide.mcu.externaltools.gnu-tools-for-stm32.11.3.rel1.win32_1.1.100.202309141235/tools/bin/../lib/gcc/arm-none-eabi/11.3.1/../../../../arm-none-eabi/lib/thumb/v7e-m+fp/hard\libc_nano.a(libc_a-stdio.o)
                              C:/ST/STM32CubeIDE_1.14.0/STM32CubeIDE/plugins/com.st.stm32cube.ide.mcu.externaltools.gnu-tools-for-stm32.11.3.rel1.win32_1.1.100.202309141235/tools/bin/../lib/gcc/arm-none-eabi/11.3.1/../../../../arm-none-eabi/lib/thumb/v7e-m+fp/hard\libc_nano.a(libc_a-findfp.o) (__sread)
C:/ST/STM32CubeIDE_1.14.0/STM32CubeIDE/plugins/com.st.stm32cube.ide.mcu.externaltools.gnu-tools-for-stm32.11.3.rel1.win32_1.1.100.202309141235/tools/bin/../lib/gcc/arm-none-eabi/11.3.1/../../../../arm-none-eabi/lib/thumb/v7e-m+fp/hard\libc_nano.a(libc_a-memset.o)
                              C:/ST/STM32CubeIDE_1.14.0/STM32CubeIDE/plugins/com.st.stm32cube.ide.mcu.externaltools.gnu-tools-for-stm32.11.3.rel1.win32_1.1.100.202309141235/tools/bin/../lib/gcc/arm-none-eabi/11.3.1/../../../../arm-none-eabi/lib/thumb/v7e-m+fp/hard/crt0.o (memset)
C:/ST/STM32CubeIDE_1.14.0/STM32CubeIDE/plugins/com.st.stm32cube.ide.mcu.externaltools.gnu-tools-for-stm32.11.3.rel1.win32_1.1.100.202309141235/tools/bin/../lib/gcc/arm-none-eabi/11.3.1/../../../../arm-none-eabi/lib/thumb/v7e-m+fp/hard\libc_nano.a(libc_a-closer.o)
                              C:/ST/STM32CubeIDE_1.14.0/STM32CubeIDE/plugins/com.st.stm32cube.ide.mcu.externaltools.gnu-tools-for-stm32.11.3.rel1.win32_1.1.100.202309141235/tools/bin/../lib/gcc/arm-none-eabi/11.3.1/../../../../arm-none-eabi/lib/thumb/v7e-m+fp/hard\libc_nano.a(libc_a-stdio.o) (_close_r)
C:/ST/STM32CubeIDE_1.14.0/STM32CubeIDE/plugins/com.st.stm32cube.ide.mcu.externaltools.gnu-tools-for-stm32.11.3.rel1.win32_1.1.100.202309141235/tools/bin/../lib/gcc/arm-none-eabi/11.3.1/../../../../arm-none-eabi/lib/thumb/v7e-m+fp/hard\libc_nano.a(libc_a-reent.o)
                              C:/ST/STM32CubeIDE_1.14.0/STM32CubeIDE/plugins/com.st.stm32cube.ide.mcu.externaltools.gnu-tools-for-stm32.11.3.rel1.win32_1.1.100.202309141235/tools/bin/../lib/gcc/arm-none-eabi/11.3.1/../../../../arm-none-eabi/lib/thumb/v7e-m+fp/hard\libc_nano.a(libc_a-closer.o) (errno)
C:/ST/STM32CubeIDE_1.14.0/STM32CubeIDE/plugins/com.st.stm32cube.ide.mcu.externaltools.gnu-tools-for-stm32.11.3.rel1.win32_1.1.100.202309141235/tools/bin/../lib/gcc/arm-none-eabi/11.3.1/../../../../arm-none-eabi/lib/thumb/v7e-m+fp/hard\libc_nano.a(libc_a-impure.o)
                              C:/ST/STM32CubeIDE_1.14.0/STM32CubeIDE/plugins/com.st.stm32cube.ide.mcu.externaltools.gnu-tools-for-stm32.11.3.rel1.win32_1.1.100.202309141235/tools/bin/../lib/gcc/arm-none-eabi/11.3.1/../../../../arm-none-eabi/lib/thumb/v7e-m+fp/hard\libc_nano.a(libc_a-reent.o) (_impure_ptr)
C:/ST/STM32CubeIDE_1.14.0/STM32CubeIDE/plugins/com.st.stm32cube.ide.mcu.externaltools.gnu-tools-for-stm32.11.3.rel1.win32_1.1.100.202309141235/tools/bin/../lib/gcc/arm-none-eabi/11.3.1/../../../../arm-none-eabi/lib/thumb/v7e-m+fp/hard\libc_nano.a(libc_a-lseekr.o)
[...]
Memory Configuration

Name             Origin             Length             Attributes
RAM              0x0000000020000000 0x0000000000020000 xrw
FLASH            0x0000000008000000 0x0000000000080000 xr
*default*        0x0000000000000000 0xffffffffffffffff

Linker script and memory map

LOAD C:/ST/STM32CubeIDE_1.14.0/STM32CubeIDE/plugins/com.st.stm32cube.ide.mcu.externaltools.gnu-tools-for-stm32.11.3.rel1.win32_1.1.100.202309141235/tools/bin/../lib/gcc/arm-none-eabi/11.3.1/thumb/v7e-m+fp/hard/crti.o
LOAD C:/ST/STM32CubeIDE_1.14.0/STM32CubeIDE/plugins/com.st.stm32cube.ide.mcu.externaltools.gnu-tools-for-stm32.11.3.rel1.win32_1.1.100.202309141235/tools/bin/../lib/gcc/arm-none-eabi/11.3.1/thumb/v7e-m+fp/hard/crtbegin.o
LOAD C:/ST/STM32CubeIDE_1.14.0/STM32CubeIDE/plugins/com.st.stm32cube.ide.mcu.externaltools.gnu-tools-for-stm32.11.3.rel1.win32_1.1.100.202309141235/tools/bin/../lib/gcc/arm-none-eabi/11.3.1/../../../../arm-none-eabi/lib/thumb/v7e-m+fp/hard/crt0.o
LOAD ./Core/Src/gpio.o
LOAD ./Core/Src/i2c.o
LOAD ./Core/Src/liquidcrystal_i2c.o
LOAD ./Core/Src/main.o
LOAD ./Core/Src/stm32f4xx_hal_msp.o
LOAD ./Core/Src/stm32f4xx_it.o
LOAD ./Core/Src/syscalls.o
LOAD ./Core/Src/sysmem.o
LOAD ./Core/Src/system_stm32f4xx.o
LOAD ./Core/Src/tim.o
LOAD ./Core/Startup/startup_stm32f446retx.o
LOAD ./Drivers/STM32F4xx_HAL_Driver/Src/stm32f4xx_hal.o
LOAD ./Drivers/STM32F4xx_HAL_Driver/Src/stm32f4xx_hal_cortex.o
LOAD ./Drivers/STM32F4xx_HAL_Driver/Src/stm32f4xx_hal_dma.o
LOAD ./Drivers/STM32F4xx_HAL_Driver/Src/stm32f4xx_hal_dma_ex.o
LOAD ./Drivers/STM32F4xx_HAL_Driver/Src/stm32f4xx_hal_exti.o
LOAD ./Drivers/STM32F4xx_HAL_Driver/Src/stm32f4xx_hal_flash.o
LOAD ./Drivers/STM32F4xx_HAL_Driver/Src/stm32f4xx_hal_flash_ex.o
LOAD ./Drivers/STM32F4xx_HAL_Driver/Src/stm32f4xx_hal_flash_ramfunc.o
LOAD ./Drivers/STM32F4xx_HAL_Driver/Src/stm32f4xx_hal_gpio.o
LOAD ./Drivers/STM32F4xx_HAL_Driver/Src/stm32f4xx_hal_i2c.o
LOAD ./Drivers/STM32F4xx_HAL_Driver/Src/stm32f4xx_hal_i2c_ex.o
LOAD ./Drivers/STM32F4xx_HAL_Driver/Src/stm32f4xx_hal_pwr.o
LOAD ./Drivers/STM32F4xx_HAL_Driver/Src/stm32f4xx_hal_pwr_ex.o
LOAD ./Drivers/STM32F4xx_HAL_Driver/Src/stm32f4xx_hal_rcc.o
LOAD ./Drivers/STM32F4xx_HAL_Driver/Src/stm32f4xx_hal_rcc_ex.o
LOAD ./Drivers/STM32F4xx_HAL_Driver/Src/stm32f4xx_hal_tim.o
LOAD ./Drivers/STM32F4xx_HAL_Driver/Src/stm32f4xx_hal_tim_ex.o
START GROUP
LOAD C:/ST/STM32CubeIDE_1.14.0/STM32CubeIDE/plugins/com.st.stm32cube.ide.mcu.externaltools.gnu-tools-for-stm32.11.3.rel1.win32_1.1.100.202309141235/tools/bin/../lib/gcc/arm-none-eabi/11.3.1/../../../../arm-none-eabi/lib/thumb/v7e-m+fp/hard\libc_nano.a
LOAD C:/ST/STM32CubeIDE_1.14.0/STM32CubeIDE/plugins/com.st.stm32cube.ide.mcu.externaltools.gnu-tools-for-stm32.11.3.rel1.win32_1.1.100.202309141235/tools/bin/../lib/gcc/arm-none-eabi/11.3.1/../../../../arm-none-eabi/lib/thumb/v7e-m+fp/hard\libm.a
END GROUP
START GROUP
LOAD C:/ST/STM32CubeIDE_1.14.0/STM32CubeIDE/plugins/com.st.stm32cube.ide.mcu.externaltools.gnu-tools-for-stm32.11.3.rel1.win32_1.1.100.202309141235/tools/bin/../lib/gcc/arm-none-eabi/11.3.1/thumb/v7e-m+fp/hard\libgcc.a
LOAD C:/ST/STM32CubeIDE_1.14.0/STM32CubeIDE/plugins/com.st.stm32cube.ide.mcu.externaltools.gnu-tools-for-stm32.11.3.rel1.win32_1.1.100.202309141235/tools/bin/../lib/gcc/arm-none-eabi/11.3.1/../../../../arm-none-eabi/lib/thumb/v7e-m+fp/hard\libc_nano.a
END GROUP
START GROUP
LOAD C:/ST/STM32CubeIDE_1.14.0/STM32CubeIDE/plugins/com.st.stm32cube.ide.mcu.externaltools.gnu-tools-for-stm32.11.3.rel1.win32_1.1.100.202309141235/tools/bin/../lib/gcc/arm-none-eabi/11.3.1/thumb/v7e-m+fp/hard\libgcc.a
LOAD C:/ST/STM32CubeIDE_1.14.0/STM32CubeIDE/plugins/com.st.stm32cube.ide.mcu.externaltools.gnu-tools-for-stm32.11.3.rel1.win32_1.1.100.202309141235/tools/bin/../lib/gcc/arm-none-eabi/11.3.1/../../../../arm-none-eabi/lib/thumb/v7e-m+fp/hard\libc_nano.a
LOAD C:/ST/STM32CubeIDE_1.14.0/STM32CubeIDE/plugins/com.st.stm32cube.ide.mcu.externaltools.gnu-tools-for-stm32.11.3.rel1.win32_1.1.100.202309141235/tools/bin/../lib/gcc/arm-none-eabi/11.3.1/../../../../arm-none-eabi/lib/thumb/v7e-m+fp/hard\libnosys.a
END GROUP
START GROUP
LOAD C:/ST/STM32CubeIDE_1.14.0/STM32CubeIDE/plugins/com.st.stm32cube.ide.mcu.externaltools.gnu-tools-for-stm32.11.3.rel1.win32_1.1.100.202309141235/tools/bin/../lib/gcc/arm-none-eabi/11.3.1/thumb/v7e-m+fp/hard\libgcc.a
LOAD C:/ST/STM32CubeIDE_1.14.0/STM32CubeIDE/plugins/com.st.stm32cube.ide.mcu.externaltools.gnu-tools-for-stm32.11.3.rel1.win32_1.1.100.202309141235/tools/bin/../lib/gcc/arm-none-eabi/11.3.1/../../../../arm-none-eabi/lib/thumb/v7e-m+fp/hard\libc_nano.a
LOAD C:/ST/STM32CubeIDE_1.14.0/STM32CubeIDE/plugins/com.st.stm32cube.ide.mcu.externaltools.gnu-tools-for-stm32.11.3.rel1.win32_1.1.100.202309141235/tools/bin/../lib/gcc/arm-none-eabi/11.3.1/../../../../arm-none-eabi/lib/thumb/v7e-m+fp/hard\libnosys.a
END GROUP
LOAD C:/ST/STM32CubeIDE_1.14.0/STM32CubeIDE/plugins/com.st.stm32cube.ide.mcu.externaltools.gnu-tools-for-stm32.11.3.rel1.win32_1.1.100.202309141235/tools/bin/../lib/gcc/arm-none-eabi/11.3.1/thumb/v7e-m+fp/hard/crtend.o
LOAD C:/ST/STM32CubeIDE_1.14.0/STM32CubeIDE/plugins/com.st.stm32cube.ide.mcu.externaltools.gnu-tools-for-stm32.11.3.rel1.win32_1.1.100.202309141235/tools/bin/../lib/gcc/arm-none-eabi/11.3.1/thumb/v7e-m+fp/hard/crtn.o
                0x0000000020020000                _estack = (ORIGIN (RAM) + LENGTH (RAM))
                0x0000000000000200                _Min_Heap_Size = 0x200
                0x0000000000000400                _Min_Stack_Size = 0x400

.isr_vector     0x0000000008000000      0x1c4
                0x0000000008000000                . = ALIGN (0x4)
 *(.isr_vector)
 .isr_vector    0x0000000008000000      0x1c4 ./Core/Startup/startup_stm32f446retx.o
                0x0000000008000000                g_pfnVectors
                0x00000000080001c4                . = ALIGN (0x4)

.text           0x00000000080001c4     0x3bdc
                0x00000000080001c4                . = ALIGN (0x4)
 *(.text)
 .text          0x00000000080001c4       0x40 C:/ST/STM32CubeIDE_1.14.0/STM32CubeIDE/plugins/com.st.stm32cube.ide.mcu.externaltools.gnu-tools-for-stm32.11.3.rel1.win32_1.1.100.202309141235/tools/bin/../lib/gcc/arm-none-eabi/11.3.1/thumb/v7e-m+fp/hard/crtbegin.o
 .text          0x0000000008000204       0x30 C:/ST/STM32CubeIDE_1.14.0/STM32CubeIDE/plugins/com.st.stm32cube.ide.mcu.externaltools.gnu-tools-for-stm32.11.3.rel1.win32_1.1.100.202309141235/tools/bin/../lib/gcc/arm-none-eabi/11.3.1/thumb/v7e-m+fp/hard\libgcc.a(_aeabi_uldivmod.o)
                0x0000000008000204                __aeabi_uldivmod
 .text          0x0000000008000234      0x2c8 C:/ST/STM32CubeIDE_1.14.0/STM32CubeIDE/plugins/com.st.stm32cube.ide.mcu.externaltools.gnu-tools-for-stm32.11.3.rel1.win32_1.1.100.202309141235/tools/bin/../lib/gcc/arm-none-eabi/11.3.1/thumb/v7e-m+fp/hard\libgcc.a(_udivmoddi4.o)
                0x0000000008000234                __udivmoddi4
 .text          0x00000000080004fc        0x4 C:/ST/STM32CubeIDE_1.14.0/STM32CubeIDE/plugins/com.st.stm32cube.ide.mcu.externaltools.gnu-tools-for-stm32.11.3.rel1.win32_1.1.100.202309141235/tools/bin/../lib/gcc/arm-none-eabi/11.3.1/thumb/v7e-m+fp/hard\libgcc.a(_dvmd_tls.o)
                0x00000000080004fc                __aeabi_idiv0
                0x00000000080004fc                __aeabi_ldiv0
 *(.text*)
 .text.MX_GPIO_Init
                0x0000000008000500      0x164 ./Core/Src/gpio.o
                0x0000000008000500                MX_GPIO_Init
 .text.MX_I2C1_Init
                0x0000000008000664       0x5c ./Core/Src/i2c.o
                0x0000000008000664                MX_I2C1_Init
 .text.HAL_I2C_MspInit
                0x00000000080006c0       0x90 ./Core/Src/i2c.o
                0x00000000080006c0                HAL_I2C_MspInit
 .text.HD44780_Init
                0x0000000008000750      0x108 ./Core/Src/liquidcrystal_i2c.o
                0x0000000008000750                HD44780_Init
 .text.HD44780_Clear
                0x0000000008000858       0x16 ./Core/Src/liquidcrystal_i2c.o
                0x0000000008000858                HD44780_Clear
 .text.HD44780_Home
                0x000000000800086e       0x16 ./Core/Src/liquidcrystal_i2c.o
                0x000000000800086e                HD44780_Home
 .text.HD44780_SetCursor
                0x0000000008000884       0x64 ./Core/Src/liquidcrystal_i2c.o
                0x0000000008000884                HD44780_SetCursor
 .text.HD44780_Display
                0x00000000080008e8       0x2c ./Core/Src/liquidcrystal_i2c.o
                0x00000000080008e8                HD44780_Display
 .text.HD44780_CreateSpecialChar
                0x0000000008000914       0x52 ./Core/Src/liquidcrystal_i2c.o
                0x0000000008000914                HD44780_CreateSpecialChar
 .text.HD44780_PrintStr
                0x0000000008000966       0x2a ./Core/Src/liquidcrystal_i2c.o
                0x0000000008000966                HD44780_PrintStr
 .text.SendCommand
                0x0000000008000990       0x1c ./Core/Src/liquidcrystal_i2c.o
 .text.SendChar
                0x00000000080009ac       0x1c ./Core/Src/liquidcrystal_i2c.o
 .text.Send     0x00000000080009c8       0x42 ./Core/Src/liquidcrystal_i2c.o
 .text.Write4Bits
                0x0000000008000a0a       0x22 ./Core/Src/liquidcrystal_i2c.o
 .text.ExpanderWrite
                0x0000000008000a2c       0x38 ./Core/Src/liquidcrystal_i2c.o
 .text.PulseEnable
                0x0000000008000a64       0x3a ./Core/Src/liquidcrystal_i2c.o
 *fill*         0x0000000008000a9e        0x2 
 .text.DelayInit
                0x0000000008000aa0       0x54 ./Core/Src/liquidcrystal_i2c.o
 .text.DelayUS  0x0000000008000af4       0x50 ./Core/Src/liquidcrystal_i2c.o
 .text.display_spot
                0x0000000008000b44       0x9c ./Core/Src/main.o
                0x0000000008000b44                display_spot
 .text.main     0x0000000008000be0       0xe8 ./Core/Src/main.o
                0x0000000008000be0                main
 .text.SystemClock_Config
                0x0000000008000cc8       0xc0 ./Core/Src/main.o
                0x0000000008000cc8                SystemClock_Config
 .text.Error_Handler
                0x0000000008000d88        0xa ./Core/Src/main.o
                0x0000000008000d88                Error_Handler
 *fill*         0x0000000008000d92        0x2 
 .text.HAL_MspInit
                0x0000000008000d94       0x50 ./Core/Src/stm32f4xx_hal_msp.o
                0x0000000008000d94                HAL_MspInit
 .text.NMI_Handler
                0x0000000008000de4        0x6 ./Core/Src/stm32f4xx_it.o
                0x0000000008000de4                NMI_Handler
 .text.HardFault_Handler
                0x0000000008000dea        0x6 ./Core/Src/stm32f4xx_it.o
                0x0000000008000dea                HardFault_Handler
 .text.MemManage_Handler
                0x0000000008000df0        0x6 ./Core/Src/stm32f4xx_it.o
                0x0000000008000df0                MemManage_Handler
 .text.BusFault_Handler
                0x0000000008000df6        0x6 ./Core/Src/stm32f4xx_it.o
                0x0000000008000df6                BusFault_Handler
 .text.UsageFault_Handler
                0x0000000008000dfc        0x6 ./Core/Src/stm32f4xx_it.o
                0x0000000008000dfc                UsageFault_Handler
 .text.SVC_Handler
                0x0000000008000e02        0xe ./Core/Src/stm32f4xx_it.o
                0x0000000008000e02                SVC_Handler
 .text.DebugMon_Handler
                0x0000000008000e10        0xe ./Core/Src/stm32f4xx_it.o
                0x0000000008000e10                DebugMon_Handler
 .text.PendSV_Handler
                0x0000000008000e1e        0xe ./Core/Src/stm32f4xx_it.o
                0x0000000008000e1e                PendSV_Handler
 .text.SysTick_Handler
                0x0000000008000e2c        0xc ./Core/Src/stm32f4xx_it.o
                0x0000000008000e2c                SysTick_Handler
 .text.EXTI9_5_IRQHandler
                0x0000000008000e38       0x10 ./Core/Src/stm32f4xx_it.o
                0x0000000008000e38                EXTI9_5_IRQHandler
 .text.EXTI15_10_IRQHandler
                0x0000000008000e48       0x10 ./Core/Src/stm32f4xx_it.o
                0x0000000008000e48                EXTI15_10_IRQHandler
 .text.TIM6_DAC_IRQHandler
                0x0000000008000e58       0x14 ./Core/Src/stm32f4xx_it.o
                0x0000000008000e58                TIM6_DAC_IRQHandler
 .text.HAL_GPIO_EXTI_Callback
                0x0000000008000e6c       0x50 ./Core/Src/stm32f4xx_it.o
                0x0000000008000e6c                HAL_GPIO_EXTI_Callback
 .text.HAL_TIM_PeriodElapsedCallback
                0x0000000008000ebc      0x2f4 ./Core/Src/stm32f4xx_it.o
                0x0000000008000ebc                HAL_TIM_PeriodElapsedCallback
 .text.SystemInit
                0x00000000080011b0       0x24 ./Core/Src/system_stm32f4xx.o
                0x00000000080011b0                SystemInit
 .text.MX_TIM2_Init
                0x00000000080011d4       0xc8 ./Core/Src/tim.o
                0x00000000080011d4                MX_TIM2_Init
 .text.MX_TIM6_Init
                0x000000000800129c       0x6c ./Core/Src/tim.o
                0x000000000800129c                MX_TIM6_Init
 .text.MX_TIM7_Init
                0x0000000008001308       0x6c ./Core/Src/tim.o
                0x0000000008001308                MX_TIM7_Init
 .text.HAL_TIM_PWM_MspInit
                0x0000000008001374       0x40 ./Core/Src/tim.o
                0x0000000008001374                HAL_TIM_PWM_MspInit
 .text.HAL_TIM_Base_MspInit
                0x00000000080013b4       0x7c ./Core/Src/tim.o
                0x00000000080013b4                HAL_TIM_Base_MspInit
 .text.HAL_TIM_MspPostInit
                0x0000000008001430       0x70 ./Core/Src/tim.o
                0x0000000008001430                HAL_TIM_MspPostInit
 .text.Reset_Handler
                0x00000000080014a0       0x50 ./Core/Startup/startup_stm32f446retx.o
                0x00000000080014a0                Reset_Handler
 .text.Default_Handler
                0x00000000080014f0        0x2 ./Core/Startup/startup_stm32f446retx.o
                0x00000000080014f0                RTC_Alarm_IRQHandler
                0x00000000080014f0                EXTI2_IRQHandler
                0x00000000080014f0                TIM8_CC_IRQHandler
                0x00000000080014f0                FMPI2C1_EV_IRQHandler
                0x00000000080014f0                SPI4_IRQHandler
                0x00000000080014f0                TIM1_CC_IRQHandler
                0x00000000080014f0                DMA2_Stream5_IRQHandler
                0x00000000080014f0                DMA1_Stream5_IRQHandler
                0x00000000080014f0                PVD_IRQHandler
                0x00000000080014f0                SDIO_IRQHandler
                0x00000000080014f0                TAMP_STAMP_IRQHandler
                0x00000000080014f0                CAN2_RX1_IRQHandler
                0x00000000080014f0                EXTI3_IRQHandler
                0x00000000080014f0                TIM8_TRG_COM_TIM14_IRQHandler
                0x00000000080014f0                TIM1_UP_TIM10_IRQHandler
                0x00000000080014f0                TIM8_UP_TIM13_IRQHandler
                0x00000000080014f0                I2C3_ER_IRQHandler
                0x00000000080014f0                EXTI0_IRQHandler
                0x00000000080014f0                I2C2_EV_IRQHandler
                0x00000000080014f0                DMA1_Stream2_IRQHandler
                0x00000000080014f0                CAN1_RX0_IRQHandler
                0x00000000080014f0                FPU_IRQHandler
                0x00000000080014f0                OTG_HS_WKUP_IRQHandler
                0x00000000080014f0                CAN2_SCE_IRQHandler
                0x00000000080014f0                DMA2_Stream2_IRQHandler
                0x00000000080014f0                SPI1_IRQHandler
                0x00000000080014f0                TIM1_BRK_TIM9_IRQHandler
                0x00000000080014f0                DCMI_IRQHandler
                0x00000000080014f0                CAN2_RX0_IRQHandler
                0x00000000080014f0                DMA2_Stream3_IRQHandler
                0x00000000080014f0                SAI2_IRQHandler
                0x00000000080014f0                USART6_IRQHandler
                0x00000000080014f0                USART3_IRQHandler
                0x00000000080014f0                CAN1_RX1_IRQHandler
                0x00000000080014f0                UART5_IRQHandler
                0x00000000080014f0                DMA2_Stream0_IRQHandler
                0x00000000080014f0                TIM4_IRQHandler
                0x00000000080014f0                QUADSPI_IRQHandler
                0x00000000080014f0                I2C1_EV_IRQHandler
                0x00000000080014f0                DMA1_Stream6_IRQHandler
                0x00000000080014f0                DMA1_Stream1_IRQHandler
                0x00000000080014f0                UART4_IRQHandler
                0x00000000080014f0                TIM3_IRQHandler
                0x00000000080014f0                RCC_IRQHandler
                0x00000000080014f0                TIM8_BRK_TIM12_IRQHandler
                0x00000000080014f0                Default_Handler
                0x00000000080014f0                CEC_IRQHandler
                0x00000000080014f0                ADC_IRQHandler
                0x00000000080014f0                DMA1_Stream7_IRQHandler
                0x00000000080014f0                TIM7_IRQHandler
                0x00000000080014f0                CAN2_TX_IRQHandler
                0x00000000080014f0                TIM5_IRQHandler
                0x00000000080014f0                DMA2_Stream7_IRQHandler
                0x00000000080014f0                I2C3_EV_IRQHandler
                0x00000000080014f0                RTC_WKUP_IRQHandler
                0x00000000080014f0                SPDIF_RX_IRQHandler
                0x00000000080014f0                SPI2_IRQHandler
                0x00000000080014f0                OTG_HS_EP1_IN_IRQHandler
                0x00000000080014f0                DMA1_Stream0_IRQHandler
                0x00000000080014f0                CAN1_TX_IRQHandler
                0x00000000080014f0                FMPI2C1_ER_IRQHandler
                0x00000000080014f0                EXTI4_IRQHandler
                0x00000000080014f0                OTG_HS_EP1_OUT_IRQHandler
                0x00000000080014f0                WWDG_IRQHandler
                0x00000000080014f0                TIM2_IRQHandler
                0x00000000080014f0                OTG_FS_WKUP_IRQHandler
                0x00000000080014f0                TIM1_TRG_COM_TIM11_IRQHandler
                0x00000000080014f0                OTG_HS_IRQHandler
                0x00000000080014f0                EXTI1_IRQHandler
                0x00000000080014f0                USART2_IRQHandler
                0x00000000080014f0                I2C2_ER_IRQHandler
                0x00000000080014f0                DMA2_Stream1_IRQHandler
                0x00000000080014f0                CAN1_SCE_IRQHandler
                0x00000000080014f0                FLASH_IRQHandler
                0x00000000080014f0                DMA2_Stream4_IRQHandler
                0x00000000080014f0                USART1_IRQHandler
                0x00000000080014f0                OTG_FS_IRQHandler
                0x00000000080014f0                SPI3_IRQHandler
                0x00000000080014f0                DMA1_Stream4_IRQHandler
                0x00000000080014f0                I2C1_ER_IRQHandler
                0x00000000080014f0                FMC_IRQHandler
                0x00000000080014f0                DMA2_Stream6_IRQHandler
                0x00000000080014f0                SAI1_IRQHandler
                0x00000000080014f0                DMA1_Stream3_IRQHandler
 *fill*         0x00000000080014f2        0x2 
 .text.HAL_Init
                0x00000000080014f4       0x44 ./Drivers/STM32F4xx_HAL_Driver/Src/stm32f4xx_hal.o
                0x00000000080014f4                HAL_Init
 .text.HAL_InitTick
                0x0000000008001538       0x60 ./Drivers/STM32F4xx_HAL_Driver/Src/stm32f4xx_hal.o
                0x0000000008001538                HAL_InitTick
 .text.HAL_IncTick
                0x0000000008001598       0x28 ./Drivers/STM32F4xx_HAL_Driver/Src/stm32f4xx_hal.o
                0x0000000008001598                HAL_IncTick
 .text.HAL_GetTick
                0x00000000080015c0       0x18 ./Drivers/STM32F4xx_HAL_Driver/Src/stm32f4xx_hal.o
                0x00000000080015c0                HAL_GetTick
 .text.HAL_Delay
                0x00000000080015d8       0x48 ./Drivers/STM32F4xx_HAL_Driver/Src/stm32f4xx_hal.o
                0x00000000080015d8                HAL_Delay
 .text.__NVIC_SetPriorityGrouping
                0x0000000008001620       0x48 ./Drivers/STM32F4xx_HAL_Driver/Src/stm32f4xx_hal_cortex.o
 .text.__NVIC_GetPriorityGrouping
                0x0000000008001668       0x1c ./Drivers/STM32F4xx_HAL_Driver/Src/stm32f4xx_hal_cortex.o
 .text.__NVIC_EnableIRQ
                0x0000000008001684       0x3c ./Drivers/STM32F4xx_HAL_Driver/Src/stm32f4xx_hal_cortex.o
 .text.__NVIC_SetPriority
                0x00000000080016c0       0x54 ./Drivers/STM32F4xx_HAL_Driver/Src/stm32f4xx_hal_cortex.o
 .text.NVIC_EncodePriority
                0x0000000008001714       0x66 ./Drivers/STM32F4xx_HAL_Driver/Src/stm32f4xx_hal_cortex.o
 *fill*         0x000000000800177a        0x2 
 .text.SysTick_Config
                0x000000000800177c       0x44 ./Drivers/STM32F4xx_HAL_Driver/Src/stm32f4xx_hal_cortex.o
 .text.HAL_NVIC_SetPriorityGrouping
                0x00000000080017c0       0x16 ./Drivers/STM32F4xx_HAL_Driver/Src/stm32f4xx_hal_cortex.o
                0x00000000080017c0                HAL_NVIC_SetPriorityGrouping
 .text.HAL_NVIC_SetPriority
                0x00000000080017d6       0x38 ./Drivers/STM32F4xx_HAL_Driver/Src/stm32f4xx_hal_cortex.o
                0x00000000080017d6                HAL_NVIC_SetPriority
 .text.HAL_NVIC_EnableIRQ
                0x000000000800180e       0x1c ./Drivers/STM32F4xx_HAL_Driver/Src/stm32f4xx_hal_cortex.o
                0x000000000800180e                HAL_NVIC_EnableIRQ
 .text.HAL_SYSTICK_Config
                0x000000000800182a       0x18 ./Drivers/STM32F4xx_HAL_Driver/Src/stm32f4xx_hal_cortex.o
                0x000000000800182a                HAL_SYSTICK_Config
 *fill*         0x0000000008001842        0x2 
 .text.HAL_GPIO_Init
                0x0000000008001844      0x328 ./Drivers/STM32F4xx_HAL_Driver/Src/stm32f4xx_hal_gpio.o
                0x0000000008001844                HAL_GPIO_Init
 .text.HAL_GPIO_ReadPin
                0x0000000008001b6c       0x30 ./Drivers/STM32F4xx_HAL_Driver/Src/stm32f4xx_hal_gpio.o
                0x0000000008001b6c                HAL_GPIO_ReadPin
 .text.HAL_GPIO_WritePin
                0x0000000008001b9c       0x32 ./Drivers/STM32F4xx_HAL_Driver/Src/stm32f4xx_hal_gpio.o
                0x0000000008001b9c                HAL_GPIO_WritePin
 *fill*         0x0000000008001bce        0x2 
 .text.HAL_GPIO_EXTI_IRQHandler
                0x0000000008001bd0       0x30 ./Drivers/STM32F4xx_HAL_Driver/Src/stm32f4xx_hal_gpio.o
                0x0000000008001bd0                HAL_GPIO_EXTI_IRQHandler
 .text.HAL_I2C_Init
                0x0000000008001c00      0x288 ./Drivers/STM32F4xx_HAL_Driver/Src/stm32f4xx_hal_i2c.o
                0x0000000008001c00                HAL_I2C_Init
 .text.HAL_I2C_Master_Transmit
                0x0000000008001e88      0x1fc ./Drivers/STM32F4xx_HAL_Driver/Src/stm32f4xx_hal_i2c.o
                0x0000000008001e88                HAL_I2C_Master_Transmit
 .text.I2C_MasterRequestWrite
                0x0000000008002084      0x104 ./Drivers/STM32F4xx_HAL_Driver/Src/stm32f4xx_hal_i2c.o
 .text.I2C_WaitOnFlagUntilTimeout
                0x0000000008002188       0xae ./Drivers/STM32F4xx_HAL_Driver/Src/stm32f4xx_hal_i2c.o
 .text.I2C_WaitOnMasterAddressFlagUntilTimeout
                0x0000000008002236       0xfe ./Drivers/STM32F4xx_HAL_Driver/Src/stm32f4xx_hal_i2c.o
 .text.I2C_WaitOnTXEFlagUntilTimeout
                0x0000000008002334       0x82 ./Drivers/STM32F4xx_HAL_Driver/Src/stm32f4xx_hal_i2c.o
 .text.I2C_WaitOnBTFFlagUntilTimeout
                0x00000000080023b6       0x82 ./Drivers/STM32F4xx_HAL_Driver/Src/stm32f4xx_hal_i2c.o
 .text.I2C_IsAcknowledgeFailed
                0x0000000008002438       0x5e ./Drivers/STM32F4xx_HAL_Driver/Src/stm32f4xx_hal_i2c.o
 *fill*         0x0000000008002496        0x2 
 .text.HAL_RCC_ClockConfig
                0x0000000008002498      0x1cc ./Drivers/STM32F4xx_HAL_Driver/Src/stm32f4xx_hal_rcc.o
                0x0000000008002498                HAL_RCC_ClockConfig
 .text.HAL_RCC_GetHCLKFreq
                0x0000000008002664       0x18 ./Drivers/STM32F4xx_HAL_Driver/Src/stm32f4xx_hal_rcc.o
                0x0000000008002664                HAL_RCC_GetHCLKFreq
 .text.HAL_RCC_GetPCLK1Freq
                0x000000000800267c       0x28 ./Drivers/STM32F4xx_HAL_Driver/Src/stm32f4xx_hal_rcc.o
                0x000000000800267c                HAL_RCC_GetPCLK1Freq
 .text.HAL_RCC_GetSysClockFreq
                0x00000000080026a4      0x354 ./Drivers/STM32F4xx_HAL_Driver/Src/stm32f4xx_hal_rcc_ex.o
                0x00000000080026a4                HAL_RCC_GetSysClockFreq
 .text.HAL_RCC_OscConfig
                0x00000000080029f8      0x53c ./Drivers/STM32F4xx_HAL_Driver/Src/stm32f4xx_hal_rcc_ex.o
                0x00000000080029f8                HAL_RCC_OscConfig
 .text.HAL_TIM_Base_Init
                0x0000000008002f34       0x9e ./Drivers/STM32F4xx_HAL_Driver/Src/stm32f4xx_hal_tim.o
                0x0000000008002f34                HAL_TIM_Base_Init
 *fill*         0x0000000008002fd2        0x2 
 .text.HAL_TIM_Base_Start_IT
                0x0000000008002fd4       0xe0 ./Drivers/STM32F4xx_HAL_Driver/Src/stm32f4xx_hal_tim.o
                0x0000000008002fd4                HAL_TIM_Base_Start_IT
 .text.HAL_TIM_Base_Stop_IT
                0x00000000080030b4       0x5e ./Drivers/STM32F4xx_HAL_Driver/Src/stm32f4xx_hal_tim.o
                0x00000000080030b4                HAL_TIM_Base_Stop_IT
 .text.HAL_TIM_PWM_Init
                0x0000000008003112       0x9e ./Drivers/STM32F4xx_HAL_Driver/Src/stm32f4xx_hal_tim.o
                0x0000000008003112                HAL_TIM_PWM_Init
 .text.HAL_TIM_PWM_Start
                0x00000000080031b0      0x190 ./Drivers/STM32F4xx_HAL_Driver/Src/stm32f4xx_hal_tim.o
                0x00000000080031b0                HAL_TIM_PWM_Start
 .text.HAL_TIM_IRQHandler
                0x0000000008003340      0x210 ./Drivers/STM32F4xx_HAL_Driver/Src/stm32f4xx_hal_tim.o
                0x0000000008003340                HAL_TIM_IRQHandler
 .text.HAL_TIM_PWM_ConfigChannel
                0x0000000008003550      0x184 ./Drivers/STM32F4xx_HAL_Driver/Src/stm32f4xx_hal_tim.o
                0x0000000008003550                HAL_TIM_PWM_ConfigChannel
 .text.HAL_TIM_OC_DelayElapsedCallback
                0x00000000080036d4       0x14 ./Drivers/STM32F4xx_HAL_Driver/Src/stm32f4xx_hal_tim.o
                0x00000000080036d4                HAL_TIM_OC_DelayElapsedCallback
 .text.HAL_TIM_IC_CaptureCallback
                0x00000000080036e8       0x14 ./Drivers/STM32F4xx_HAL_Driver/Src/stm32f4xx_hal_tim.o
                0x00000000080036e8                HAL_TIM_IC_CaptureCallback
 .text.HAL_TIM_PWM_PulseFinishedCallback
                0x00000000080036fc       0x14 ./Drivers/STM32F4xx_HAL_Driver/Src/stm32f4xx_hal_tim.o
                0x00000000080036fc                HAL_TIM_PWM_PulseFinishedCallback
 .text.HAL_TIM_TriggerCallback
                0x0000000008003710       0x14 ./Drivers/STM32F4xx_HAL_Driver/Src/stm32f4xx_hal_tim.o
                0x0000000008003710                HAL_TIM_TriggerCallback
 .text.TIM_Base_SetConfig
                0x0000000008003724      0x140 ./Drivers/STM32F4xx_HAL_Driver/Src/stm32f4xx_hal_tim.o
                0x0000000008003724                TIM_Base_SetConfig
 .text.TIM_OC1_SetConfig
                0x0000000008003864       0xe0 ./Drivers/STM32F4xx_HAL_Driver/Src/stm32f4xx_hal_tim.o
 .text.TIM_OC2_SetConfig
                0x0000000008003944       0xec ./Drivers/STM32F4xx_HAL_Driver/Src/stm32f4xx_hal_tim.o
                0x0000000008003944                TIM_OC2_SetConfig
 .text.TIM_OC3_SetConfig
                0x0000000008003a30       0xe8 ./Drivers/STM32F4xx_HAL_Driver/Src/stm32f4xx_hal_tim.o
 .text.TIM_OC4_SetConfig
                0x0000000008003b18       0xac ./Drivers/STM32F4xx_HAL_Driver/Src/stm32f4xx_hal_tim.o
 .text.TIM_CCxChannelCmd
                0x0000000008003bc4       0x4a ./Drivers/STM32F4xx_HAL_Driver/Src/stm32f4xx_hal_tim.o
                0x0000000008003bc4                TIM_CCxChannelCmd
 *fill*         0x0000000008003c0e        0x2 
 .text.HAL_TIMEx_MasterConfigSynchronization
                0x0000000008003c10       0xf8 ./Drivers/STM32F4xx_HAL_Driver/Src/stm32f4xx_hal_tim_ex.o
                0x0000000008003c10                HAL_TIMEx_MasterConfigSynchronization
 .text.HAL_TIMEx_CommutCallback
                0x0000000008003d08       0x14 ./Drivers/STM32F4xx_HAL_Driver/Src/stm32f4xx_hal_tim_ex.o
                0x0000000008003d08                HAL_TIMEx_CommutCallback
 .text.HAL_TIMEx_BreakCallback
                0x0000000008003d1c       0x14 ./Drivers/STM32F4xx_HAL_Driver/Src/stm32f4xx_hal_tim_ex.o
                0x0000000008003d1c                HAL_TIMEx_BreakCallback
 .text.memset   0x0000000008003d30       0x10 C:/ST/STM32CubeIDE_1.14.0/STM32CubeIDE/plugins/com.st.stm32cube.ide.mcu.externaltools.gnu-tools-for-stm32.11.3.rel1.win32_1.1.100.202309141235/tools/bin/../lib/gcc/arm-none-eabi/11.3.1/../../../../arm-none-eabi/lib/thumb/v7e-m+fp/hard\libc_nano.a(libc_a-memset.o)
                0x0000000008003d30                memset
 .text.__libc_init_array
                0x0000000008003d40       0x48 C:/ST/STM32CubeIDE_1.14.0/STM32CubeIDE/plugins/com.st.stm32cube.ide.mcu.externaltools.gnu-tools-for-stm32.11.3.rel1.win32_1.1.100.202309141235/tools/bin/../lib/gcc/arm-none-eabi/11.3.1/../../../../arm-none-eabi/lib/thumb/v7e-m+fp/hard\libc_nano.a(libc_a-init.o)
                0x0000000008003d40                __libc_init_array
 *(.glue_7)
 .glue_7        0x0000000008003d88        0x0 linker stubs
 *(.glue_7t)
 .glue_7t       0x0000000008003d88        0x0 linker stubs
 *(.eh_frame)
 .eh_frame      0x0000000008003d88        0x0 C:/ST/STM32CubeIDE_1.14.0/STM32CubeIDE/plugins/com.st.stm32cube.ide.mcu.externaltools.gnu-tools-for-stm32.11.3.rel1.win32_1.1.100.202309141235/tools/bin/../lib/gcc/arm-none-eabi/11.3.1/thumb/v7e-m+fp/hard/crtbegin.o
 *(.init)
 .init          0x0000000008003d88        0x4 C:/ST/STM32CubeIDE_1.14.0/STM32CubeIDE/plugins/com.st.stm32cube.ide.mcu.externaltools.gnu-tools-for-stm32.11.3.rel1.win32_1.1.100.202309141235/tools/bin/../lib/gcc/arm-none-eabi/11.3.1/thumb/v7e-m+fp/hard/crti.o
                0x0000000008003d88                _init
 .init          0x0000000008003d8c        0x8 C:/ST/STM32CubeIDE_1.14.0/STM32CubeIDE/plugins/com.st.stm32cube.ide.mcu.externaltools.gnu-tools-for-stm32.11.3.rel1.win32_1.1.100.202309141235/tools/bin/../lib/gcc/arm-none-eabi/11.3.1/thumb/v7e-m+fp/hard/crtn.o
 *(.fini)
 .fini          0x0000000008003d94        0x4 C:/ST/STM32CubeIDE_1.14.0/STM32CubeIDE/plugins/com.st.stm32cube.ide.mcu.externaltools.gnu-tools-for-stm32.11.3.rel1.win32_1.1.100.202309141235/tools/bin/../lib/gcc/arm-none-eabi/11.3.1/thumb/v7e-m+fp/hard/crti.o
                0x0000000008003d94                _fini
 .fini          0x0000000008003d98        0x8 C:/ST/STM32CubeIDE_1.14.0/STM32CubeIDE/plugins/com.st.stm32cube.ide.mcu.externaltools.gnu-tools-for-stm32.11.3.rel1.win32_1.1.100.202309141235/tools/bin/../lib/gcc/arm-none-eabi/11.3.1/thumb/v7e-m+fp/hard/crtn.o
                0x0000000008003da0                . = ALIGN (0x4)
                0x0000000008003da0                _etext = .

.vfp11_veneer   0x0000000008003da0        0x0
 .vfp11_veneer  0x0000000008003da0        0x0 linker stubs

.v4_bx          0x0000000008003da0        0x0
 .v4_bx         0x0000000008003da0        0x0 linker stubs

.iplt           0x0000000008003da0        0x0
 .iplt          0x0000000008003da0        0x0 C:/ST/STM32CubeIDE_1.14.0/STM32CubeIDE/plugins/com.st.stm32cube.ide.mcu.externaltools.gnu-tools-for-stm32.11.3.rel1.win32_1.1.100.202309141235/tools/bin/../lib/gcc/arm-none-eabi/11.3.1/thumb/v7e-m+fp/hard/crtbegin.o

.rodata         0x0000000008003da0       0x58
                0x0000000008003da0                . = ALIGN (0x4)
 *(.rodata)
 .rodata        0x0000000008003da0       0x10 ./Core/Src/liquidcrystal_i2c.o
 .rodata        0x0000000008003db0       0x2f ./Core/Src/main.o
 *(.rodata*)
 *fill*         0x0000000008003ddf        0x1 
 .rodata.AHBPrescTable
                0x0000000008003de0       0x10 ./Core/Src/system_stm32f4xx.o
                0x0000000008003de0                AHBPrescTable
 .rodata.APBPrescTable
                0x0000000008003df0        0x8 ./Core/Src/system_stm32f4xx.o
                0x0000000008003df0                APBPrescTable
                0x0000000008003df8                . = ALIGN (0x4)

.ARM.extab      0x0000000008003df8        0x0
                0x0000000008003df8                . = ALIGN (0x4)
 *(.ARM.extab* .gnu.linkonce.armextab.*)
                0x0000000008003df8                . = ALIGN (0x4)

.ARM            0x0000000008003df8        0x8
                0x0000000008003df8                . = ALIGN (0x4)
                0x0000000008003df8                __exidx_start = .
 *(.ARM.exidx*)
 .ARM.exidx     0x0000000008003df8        0x8 C:/ST/STM32CubeIDE_1.14.0/STM32CubeIDE/plugins/com.st.stm32cube.ide.mcu.externaltools.gnu-tools-for-stm32.11.3.rel1.win32_1.1.100.202309141235/tools/bin/../lib/gcc/arm-none-eabi/11.3.1/thumb/v7e-m+fp/hard\libgcc.a(_udivmoddi4.o)
                0x0000000008003e00                __exidx_end = .
                0x0000000008003e00                . = ALIGN (0x4)

.rel.dyn        0x0000000008003e00        0x0
 .rel.iplt      0x0000000008003e00        0x0 C:/ST/STM32CubeIDE_1.14.0/STM32CubeIDE/plugins/com.st.stm32cube.ide.mcu.externaltools.gnu-tools-for-stm32.11.3.rel1.win32_1.1.100.202309141235/tools/bin/../lib/gcc/arm-none-eabi/11.3.1/thumb/v7e-m+fp/hard/crtbegin.o

.preinit_array  0x0000000008003e00        0x0
                0x0000000008003e00                . = ALIGN (0x4)
                0x0000000008003e00                PROVIDE (__preinit_array_start = .)
 *(.preinit_array*)
                0x0000000008003e00                PROVIDE (__preinit_array_end = .)
                0x0000000008003e00                . = ALIGN (0x4)

.init_array     0x0000000008003e00        0x4
                0x0000000008003e00                . = ALIGN (0x4)
                0x0000000008003e00                PROVIDE (__init_array_start = .)
 *(SORT_BY_NAME(.init_array.*))
 *(.init_array*)
 .init_array    0x0000000008003e00        0x4 C:/ST/STM32CubeIDE_1.14.0/STM32CubeIDE/plugins/com.st.stm32cube.ide.mcu.externaltools.gnu-tools-for-stm32.11.3.rel1.win32_1.1.100.202309141235/tools/bin/../lib/gcc/arm-none-eabi/11.3.1/thumb/v7e-m+fp/hard/crtbegin.o
                0x0000000008003e04                PROVIDE (__init_array_end = .)
                0x0000000008003e04                . = ALIGN (0x4)

.fini_array     0x0000000008003e04        0x4
                0x0000000008003e04                . = ALIGN (0x4)
                [!provide]                        PROVIDE (__fini_array_start = .)
 *(SORT_BY_NAME(.fini_array.*))
 *(.fini_array*)
 .fini_array    0x0000000008003e04        0x4 C:/ST/STM32CubeIDE_1.14.0/STM32CubeIDE/plugins/com.st.stm32cube.ide.mcu.externaltools.gnu-tools-for-stm32.11.3.rel1.win32_1.1.100.202309141235/tools/bin/../lib/gcc/arm-none-eabi/11.3.1/thumb/v7e-m+fp/hard/crtbegin.o
                [!provide]                        PROVIDE (__fini_array_end = .)
                0x0000000008003e08                . = ALIGN (0x4)
                0x0000000008003e08                _sidata = LOADADDR (.data)

.data           0x0000000020000000       0x1c load address 0x0000000008003e08
                0x0000000020000000                . = ALIGN (0x4)
                0x0000000020000000                _sdata = .
 *(.data)
 *(.data*)
 .data.special1
                0x0000000020000000        0x8 ./Core/Src/liquidcrystal_i2c.o
                0x0000000020000000                special1
 .data.special2
                0x0000000020000008        0x8 ./Core/Src/liquidcrystal_i2c.o
                0x0000000020000008                special2
 .data.SystemCoreClock
                0x0000000020000010        0x4 ./Core/Src/system_stm32f4xx.o
                0x0000000020000010                SystemCoreClock
 .data.uwTickPrio
                0x0000000020000014        0x4 ./Drivers/STM32F4xx_HAL_Driver/Src/stm32f4xx_hal.o
                0x0000000020000014                uwTickPrio
 .data.uwTickFreq
                0x0000000020000018        0x1 ./Drivers/STM32F4xx_HAL_Driver/Src/stm32f4xx_hal.o
                0x0000000020000018                uwTickFreq
 *(.RamFunc)
 *(.RamFunc*)
                0x000000002000001c                . = ALIGN (0x4)
 *fill*         0x0000000020000019        0x3 
                0x000000002000001c                _edata = .

.igot.plt       0x000000002000001c        0x0 load address 0x0000000008003e24
 .igot.plt      0x000000002000001c        0x0 C:/ST/STM32CubeIDE_1.14.0/STM32CubeIDE/plugins/com.st.stm32cube.ide.mcu.externaltools.gnu-tools-for-stm32.11.3.rel1.win32_1.1.100.202309141235/tools/bin/../lib/gcc/arm-none-eabi/11.3.1/thumb/v7e-m+fp/hard/crtbegin.o
                0x000000002000001c                . = ALIGN (0x4)

.bss            0x000000002000001c      0x154 load address 0x0000000008003e24
                0x000000002000001c                _sbss = .
                0x000000002000001c                __bss_start__ = _sbss
 *(.bss)
 .bss           0x000000002000001c       0x1c C:/ST/STM32CubeIDE_1.14.0/STM32CubeIDE/plugins/com.st.stm32cube.ide.mcu.externaltools.gnu-tools-for-stm32.11.3.rel1.win32_1.1.100.202309141235/tools/bin/../lib/gcc/arm-none-eabi/11.3.1/thumb/v7e-m+fp/hard/crtbegin.o
 *(.bss*)
 .bss.hi2c1     0x0000000020000038       0x54 ./Core/Src/i2c.o
                0x0000000020000038                hi2c1
 .bss.dpFunction
                0x000000002000008c        0x1 ./Core/Src/liquidcrystal_i2c.o
                0x000000002000008c                dpFunction
 .bss.dpControl
                0x000000002000008d        0x1 ./Core/Src/liquidcrystal_i2c.o
                0x000000002000008d                dpControl
 .bss.dpMode    0x000000002000008e        0x1 ./Core/Src/liquidcrystal_i2c.o
                0x000000002000008e                dpMode
 .bss.dpRows    0x000000002000008f        0x1 ./Core/Src/liquidcrystal_i2c.o
                0x000000002000008f                dpRows
 .bss.dpBacklight
                0x0000000020000090        0x1 ./Core/Src/liquidcrystal_i2c.o
                0x0000000020000090                dpBacklight
 *fill*         0x0000000020000091        0x1 
 .bss.global_gpio_pin
                0x0000000020000092        0x2 ./Core/Src/stm32f4xx_it.o
 .bss.htim2     0x0000000020000094       0x48 ./Core/Src/tim.o
                0x0000000020000094                htim2
 .bss.htim6     0x00000000200000dc       0x48 ./Core/Src/tim.o
                0x00000000200000dc                htim6
 .bss.htim7     0x0000000020000124       0x48 ./Core/Src/tim.o
                0x0000000020000124                htim7
 .bss.uwTick    0x000000002000016c        0x4 ./Drivers/STM32F4xx_HAL_Driver/Src/stm32f4xx_hal.o
                0x000000002000016c                uwTick
 *(COMMON)
                0x0000000020000170                . = ALIGN (0x4)
                0x0000000020000170                _ebss = .
                0x0000000020000170                __bss_end__ = _ebss

._user_heap_stack
                0x0000000020000170      0x600 load address 0x0000000008003e24
                0x0000000020000170                . = ALIGN (0x8)
                [!provide]                        PROVIDE (end = .)
                0x0000000020000170                PROVIDE (_end = .)
                0x0000000020000370                . = (. + _Min_Heap_Size)
 *fill*         0x0000000020000170      0x200 
                0x0000000020000770                . = (. + _Min_Stack_Size)
 *fill*         0x0000000020000370      0x400 
                0x0000000020000770                . = ALIGN (0x8)

/DISCARD/
 libc.a(*)
 libm.a(*)
 libgcc.a(*)

.ARM.attributes
                0x0000000000000000       0x30
 *(.ARM.attributes)
 .ARM.attributes
                0x0000000000000000       0x1e C:/ST/STM32CubeIDE_1.14.0/STM32CubeIDE/plugins/com.st.stm32cube.ide.mcu.externaltools.gnu-tools-for-stm32.11.3.rel1.win32_1.1.100.202309141235/tools/bin/../lib/gcc/arm-none-eabi/11.3.1/thumb/v7e-m+fp/hard/crti.o
 .ARM.attributes
                0x000000000000001e       0x34 C:/ST/STM32CubeIDE_1.14.0/STM32CubeIDE/plugins/com.st.stm32cube.ide.mcu.externaltools.gnu-tools-for-stm32.11.3.rel1.win32_1.1.100.202309141235/tools/bin/../lib/gcc/arm-none-eabi/11.3.1/thumb/v7e-m+fp/hard/crtbegin.o
 .ARM.attributes
                0x0000000000000052       0x34 ./Core/Src/gpio.o
 .ARM.attributes
                0x0000000000000086       0x34 ./Core/Src/i2c.o
 .ARM.attributes
                0x00000000000000ba       0x34 ./Core/Src/liquidcrystal_i2c.o
 .ARM.attributes
                0x00000000000000ee       0x34 ./Core/Src/main.o
 .ARM.attributes
                0x0000000000000122       0x34 ./Core/Src/stm32f4xx_hal_msp.o
 .ARM.attributes
                0x0000000000000156       0x34 ./Core/Src/stm32f4xx_it.o
 .ARM.attributes
                0x000000000000018a       0x34 ./Core/Src/system_stm32f4xx.o
 .ARM.attributes
                0x00000000000001be       0x34 ./Core/Src/tim.o
 .ARM.attributes
                0x00000000000001f2       0x21 ./Core/Startup/startup_stm32f446retx.o
 .ARM.attributes
                0x0000000000000213       0x34 ./Drivers/STM32F4xx_HAL_Driver/Src/stm32f4xx_hal.o
 .ARM.attributes
                0x0000000000000247       0x34 ./Drivers/STM32F4xx_HAL_Driver/Src/stm32f4xx_hal_cortex.o
 .ARM.attributes
                0x000000000000027b       0x34 ./Drivers/STM32F4xx_HAL_Driver/Src/stm32f4xx_hal_gpio.o
 .ARM.attributes
                0x00000000000002af       0x34 ./Drivers/STM32F4xx_HAL_Driver/Src/stm32f4xx_hal_i2c.o
 .ARM.attributes
                0x00000000000002e3       0x34 ./Drivers/STM32F4xx_HAL_Driver/Src/stm32f4xx_hal_rcc.o
 .ARM.attributes
                0x0000000000000317       0x34 ./Drivers/STM32F4xx_HAL_Driver/Src/stm32f4xx_hal_rcc_ex.o
 .ARM.attributes
                0x000000000000034b       0x34 ./Drivers/STM32F4xx_HAL_Driver/Src/stm32f4xx_hal_tim.o
 .ARM.attributes
                0x000000000000037f       0x34 ./Drivers/STM32F4xx_HAL_Driver/Src/stm32f4xx_hal_tim_ex.o
 .ARM.attributes
                0x00000000000003b3       0x34 C:/ST/STM32CubeIDE_1.14.0/STM32CubeIDE/plugins/com.st.stm32cube.ide.mcu.externaltools.gnu-tools-for-stm32.11.3.rel1.win32_1.1.100.202309141235/tools/bin/../lib/gcc/arm-none-eabi/11.3.1/../../../../arm-none-eabi/lib/thumb/v7e-m+fp/hard\libc_nano.a(libc_a-memset.o)
 .ARM.attributes
                0x00000000000003e7       0x34 C:/ST/STM32CubeIDE_1.14.0/STM32CubeIDE/plugins/com.st.stm32cube.ide.mcu.externaltools.gnu-tools-for-stm32.11.3.rel1.win32_1.1.100.202309141235/tools/bin/../lib/gcc/arm-none-eabi/11.3.1/../../../../arm-none-eabi/lib/thumb/v7e-m+fp/hard\libc_nano.a(libc_a-init.o)
 .ARM.attributes
                0x000000000000041b       0x1e C:/ST/STM32CubeIDE_1.14.0/STM32CubeIDE/plugins/com.st.stm32cube.ide.mcu.externaltools.gnu-tools-for-stm32.11.3.rel1.win32_1.1.100.202309141235/tools/bin/../lib/gcc/arm-none-eabi/11.3.1/thumb/v7e-m+fp/hard\libgcc.a(_aeabi_uldivmod.o)
 .ARM.attributes
                0x0000000000000439       0x34 C:/ST/STM32CubeIDE_1.14.0/STM32CubeIDE/plugins/com.st.stm32cube.ide.mcu.externaltools.gnu-tools-for-stm32.11.3.rel1.win32_1.1.100.202309141235/tools/bin/../lib/gcc/arm-none-eabi/11.3.1/thumb/v7e-m+fp/hard\libgcc.a(_udivmoddi4.o)
 .ARM.attributes
                0x000000000000046d       0x1e C:/ST/STM32CubeIDE_1.14.0/STM32CubeIDE/plugins/com.st.stm32cube.ide.mcu.externaltools.gnu-tools-for-stm32.11.3.rel1.win32_1.1.100.202309141235/tools/bin/../lib/gcc/arm-none-eabi/11.3.1/thumb/v7e-m+fp/hard\libgcc.a(_dvmd_tls.o)
 .ARM.attributes
                0x000000000000048b       0x1e C:/ST/STM32CubeIDE_1.14.0/STM32CubeIDE/plugins/com.st.stm32cube.ide.mcu.externaltools.gnu-tools-for-stm32.11.3.rel1.win32_1.1.100.202309141235/tools/bin/../lib/gcc/arm-none-eabi/11.3.1/thumb/v7e-m+fp/hard/crtn.o
OUTPUT(Parking.elf elf32-littlearm)
LOAD linker stubs
LOAD C:/ST/STM32CubeIDE_1.14.0/STM32CubeIDE/plugins/com.st.stm32cube.ide.mcu.externaltools.gnu-tools-for-stm32.11.3.rel1.win32_1.1.100.202309141235/tools/bin/../lib/gcc/arm-none-eabi/11.3.1/../../../../arm-none-eabi/lib/thumb/v7e-m+fp/hard\libc.a
LOAD C:/ST/STM32CubeIDE_1.14.0/STM32CubeIDE/plugins/com.st.stm32cube.ide.mcu.externaltools.gnu-tools-for-stm32.11.3.rel1.win32_1.1.100.202309141235/tools/bin/../lib/gcc/arm-none-eabi/11.3.1/../../../../arm-none-eabi/lib/thumb/v7e-m+fp/hard\libm.a
LOAD C:/ST/STM32CubeIDE_1.14.0/STM32CubeIDE/plugins/com.st.stm32cube.ide.mcu.externaltools.gnu-tools-for-stm32.11.3.rel1.win32_1.1.100.202309141235/tools/bin/../lib/gcc/arm-none-eabi/11.3.1/thumb/v7e-m+fp/hard\libgcc.a

.comment        0x0000000000000000       0x43
 .comment       0x0000000000000000       0x43 C:/ST/STM32CubeIDE_1.14.0/STM32CubeIDE/plugins/com.st.stm32cube.ide.mcu.externaltools.gnu-tools-for-stm32.11.3.rel1.win32_1.1.100.202309141235/tools/bin/../lib/gcc/arm-none-eabi/11.3.1/thumb/v7e-m+fp/hard/crtbegin.o
                                         0x44 (size before relaxing)
 .comment       0x0000000000000043       0x44 ./Core/Src/gpio.o
 .comment       0x0000000000000043       0x44 ./Core/Src/i2c.o
 .comment       0x0000000000000043       0x44 ./Core/Src/liquidcrystal_i2c.o
 .comment       0x0000000000000043       0x44 ./Core/Src/main.o
 .comment       0x0000000000000043       0x44 ./Core/Src/stm32f4xx_hal_msp.o
 .comment       0x0000000000000043       0x44 ./Core/Src/stm32f4xx_it.o
 .comment       0x0000000000000043       0x44 ./Core/Src/system_stm32f4xx.o
 .comment       0x0000000000000043       0x44 ./Core/Src/tim.o
 .comment       0x0000000000000043       0x44 ./Drivers/STM32F4xx_HAL_Driver/Src/stm32f4xx_hal.o
 .comment       0x0000000000000043       0x44 ./Drivers/STM32F4xx_HAL_Driver/Src/stm32f4xx_hal_cortex.o
 .comment       0x0000000000000043       0x44 ./Drivers/STM32F4xx_HAL_Driver/Src/stm32f4xx_hal_gpio.o
 .comment       0x0000000000000043       0x44 ./Drivers/STM32F4xx_HAL_Driver/Src/stm32f4xx_hal_i2c.o
 .comment       0x0000000000000043       0x44 ./Drivers/STM32F4xx_HAL_Driver/Src/stm32f4xx_hal_rcc.o
 .comment       0x0000000000000043       0x44 ./Drivers/STM32F4xx_HAL_Driver/Src/stm32f4xx_hal_rcc_ex.o
 .comment       0x0000000000000043       0x44 ./Drivers/STM32F4xx_HAL_Driver/Src/stm32f4xx_hal_tim.o
 .comment       0x0000000000000043       0x44 ./Drivers/STM32F4xx_HAL_Driver/Src/stm32f4xx_hal_tim_ex.o

.debug_info     0x0000000000000000     0xd832
 .debug_info    0x0000000000000000      0x694 ./Core/Src/gpio.o
 .debug_info    0x0000000000000694      0x9a4 ./Core/Src/i2c.o
 .debug_info    0x0000000000001038      0xc72 ./Core/Src/liquidcrystal_i2c.o
 .debug_info    0x0000000000001caa      0x6db ./Core/Src/main.o
 .debug_info    0x0000000000002385      0x299 ./Core/Src/stm32f4xx_hal_msp.o
 .debug_info    0x000000000000261e      0xb68 ./Core/Src/stm32f4xx_it.o
 .debug_info    0x0000000000003186      0x54a ./Core/Src/system_stm32f4xx.o
 .debug_info    0x00000000000036d0      0xf0c ./Core/Src/tim.o
 .debug_info    0x00000000000045dc       0x23 ./Core/Startup/startup_stm32f446retx.o
 .debug_info    0x00000000000045ff      0x99e ./Drivers/STM32F4xx_HAL_Driver/Src/stm32f4xx_hal.o
 .debug_info    0x0000000000004f9d      0xd64 ./Drivers/STM32F4xx_HAL_Driver/Src/stm32f4xx_hal_cortex.o
 .debug_info    0x0000000000005d01      0x70b ./Drivers/STM32F4xx_HAL_Driver/Src/stm32f4xx_hal_gpio.o
 .debug_info    0x000000000000640c     0x23ed ./Drivers/STM32F4xx_HAL_Driver/Src/stm32f4xx_hal_i2c.o
 .debug_info    0x00000000000087f9      0x8ed ./Drivers/STM32F4xx_HAL_Driver/Src/stm32f4xx_hal_rcc.o
 .debug_info    0x00000000000090e6      0x956 ./Drivers/STM32F4xx_HAL_Driver/Src/stm32f4xx_hal_rcc_ex.o
 .debug_info    0x0000000000009a3c     0x2948 ./Drivers/STM32F4xx_HAL_Driver/Src/stm32f4xx_hal_tim.o
 .debug_info    0x000000000000c384     0x14ae ./Drivers/STM32F4xx_HAL_Driver/Src/stm32f4xx_hal_tim_ex.o

.debug_abbrev   0x0000000000000000     0x2281
 .debug_abbrev  0x0000000000000000      0x174 ./Core/Src/gpio.o
 .debug_abbrev  0x0000000000000174      0x1f1 ./Core/Src/i2c.o
 .debug_abbrev  0x0000000000000365      0x2cb ./Core/Src/liquidcrystal_i2c.o
 .debug_abbrev  0x0000000000000630      0x23e ./Core/Src/main.o
 .debug_abbrev  0x000000000000086e       0xd8 ./Core/Src/stm32f4xx_hal_msp.o
 .debug_abbrev  0x0000000000000946      0x265 ./Core/Src/stm32f4xx_it.o
 .debug_abbrev  0x0000000000000bab      0x11a ./Core/Src/system_stm32f4xx.o
 .debug_abbrev  0x0000000000000cc5      0x242 ./Core/Src/tim.o
 .debug_abbrev  0x0000000000000f07       0x12 ./Core/Startup/startup_stm32f446retx.o
 .debug_abbrev  0x0000000000000f19      0x213 ./Drivers/STM32F4xx_HAL_Driver/Src/stm32f4xx_hal.o
 .debug_abbrev  0x000000000000112c      0x327 ./Drivers/STM32F4xx_HAL_Driver/Src/stm32f4xx_hal_cortex.o
 .debug_abbrev  0x0000000000001453      0x1d4 ./Drivers/STM32F4xx_HAL_Driver/Src/stm32f4xx_hal_gpio.o
 .debug_abbrev  0x0000000000001627      0x2ad ./Drivers/STM32F4xx_HAL_Driver/Src/stm32f4xx_hal_i2c.o
 .debug_abbrev  0x00000000000018d4      0x2b6 ./Drivers/STM32F4xx_HAL_Driver/Src/stm32f4xx_hal_rcc.o
 .debug_abbrev  0x0000000000001b8a      0x20a ./Drivers/STM32F4xx_HAL_Driver/Src/stm32f4xx_hal_rcc_ex.o
 .debug_abbrev  0x0000000000001d94      0x271 ./Drivers/STM32F4xx_HAL_Driver/Src/stm32f4xx_hal_tim.o
 .debug_abbrev  0x0000000000002005      0x27c ./Drivers/STM32F4xx_HAL_Driver/Src/stm32f4xx_hal_tim_ex.o

.debug_aranges  0x0000000000000000      0xe20
 .debug_aranges
                0x0000000000000000       0x20 ./Core/Src/gpio.o
 .debug_aranges
                0x0000000000000020       0x30 ./Core/Src/i2c.o
 .debug_aranges
                0x0000000000000050      0x110 ./Core/Src/liquidcrystal_i2c.o
 .debug_aranges
                0x0000000000000160       0x38 ./Core/Src/main.o
 .debug_aranges
                0x0000000000000198       0x20 ./Core/Src/stm32f4xx_hal_msp.o
 .debug_aranges
                0x00000000000001b8       0x88 ./Core/Src/stm32f4xx_it.o
 .debug_aranges
                0x0000000000000240       0x28 ./Core/Src/system_stm32f4xx.o
 .debug_aranges
                0x0000000000000268       0x58 ./Core/Src/tim.o
 .debug_aranges
                0x00000000000002c0       0x28 ./Core/Startup/startup_stm32f446retx.o
 .debug_aranges
                0x00000000000002e8       0xf0 ./Drivers/STM32F4xx_HAL_Driver/Src/stm32f4xx_hal.o
 .debug_aranges
                0x00000000000003d8      0x118 ./Drivers/STM32F4xx_HAL_Driver/Src/stm32f4xx_hal_cortex.o
 .debug_aranges
                0x00000000000004f0       0x58 ./Drivers/STM32F4xx_HAL_Driver/Src/stm32f4xx_hal_gpio.o
 .debug_aranges
                0x0000000000000548      0x2a0 ./Drivers/STM32F4xx_HAL_Driver/Src/stm32f4xx_hal_i2c.o
 .debug_aranges
                0x00000000000007e8       0x88 ./Drivers/STM32F4xx_HAL_Driver/Src/stm32f4xx_hal_rcc.o
 .debug_aranges
                0x0000000000000870       0x78 ./Drivers/STM32F4xx_HAL_Driver/Src/stm32f4xx_hal_rcc_ex.o
 .debug_aranges
                0x00000000000008e8      0x3d0 ./Drivers/STM32F4xx_HAL_Driver/Src/stm32f4xx_hal_tim.o
 .debug_aranges
                0x0000000000000cb8      0x168 ./Drivers/STM32F4xx_HAL_Driver/Src/stm32f4xx_hal_tim_ex.o

.debug_rnglists
                0x0000000000000000      0xafe
 .debug_rnglists
                0x0000000000000000       0x14 ./Core/Src/gpio.o
 .debug_rnglists
                0x0000000000000014       0x20 ./Core/Src/i2c.o
 .debug_rnglists
                0x0000000000000034       0xc8 ./Core/Src/liquidcrystal_i2c.o
 .debug_rnglists
                0x00000000000000fc       0x28 ./Core/Src/main.o
 .debug_rnglists
                0x0000000000000124       0x13 ./Core/Src/stm32f4xx_hal_msp.o
 .debug_rnglists
                0x0000000000000137       0x62 ./Core/Src/stm32f4xx_it.o
 .debug_rnglists
                0x0000000000000199       0x1a ./Core/Src/system_stm32f4xx.o
 .debug_rnglists
                0x00000000000001b3       0x3e ./Core/Src/tim.o
 .debug_rnglists
                0x00000000000001f1       0x19 ./Core/Startup/startup_stm32f446retx.o
 .debug_rnglists
                0x000000000000020a       0xaf ./Drivers/STM32F4xx_HAL_Driver/Src/stm32f4xx_hal.o
 .debug_rnglists
                0x00000000000002b9       0xce ./Drivers/STM32F4xx_HAL_Driver/Src/stm32f4xx_hal_cortex.o
 .debug_rnglists
                0x0000000000000387       0x3f ./Drivers/STM32F4xx_HAL_Driver/Src/stm32f4xx_hal_gpio.o
 .debug_rnglists
                0x00000000000003c6      0x235 ./Drivers/STM32F4xx_HAL_Driver/Src/stm32f4xx_hal_i2c.o
 .debug_rnglists
                0x00000000000005fb       0x66 ./Drivers/STM32F4xx_HAL_Driver/Src/stm32f4xx_hal_rcc.o
 .debug_rnglists
                0x0000000000000661       0x5e ./Drivers/STM32F4xx_HAL_Driver/Src/stm32f4xx_hal_rcc_ex.o
 .debug_rnglists
                0x00000000000006bf      0x31a ./Drivers/STM32F4xx_HAL_Driver/Src/stm32f4xx_hal_tim.o
 .debug_rnglists
                0x00000000000009d9      0x125 ./Drivers/STM32F4xx_HAL_Driver/Src/stm32f4xx_hal_tim_ex.o

.debug_macro    0x0000000000000000    0x21957
 .debug_macro   0x0000000000000000      0x1f1 ./Core/Src/gpio.o
 .debug_macro   0x00000000000001f1      0xaa8 ./Core/Src/gpio.o
 .debug_macro   0x0000000000000c99      0x29b ./Core/Src/gpio.o
 .debug_macro   0x0000000000000f34       0x2e ./Core/Src/gpio.o
 .debug_macro   0x0000000000000f62       0x28 ./Core/Src/gpio.o
 .debug_macro   0x0000000000000f8a       0x22 ./Core/Src/gpio.o
 .debug_macro   0x0000000000000fac       0x8e ./Core/Src/gpio.o
 .debug_macro   0x000000000000103a       0x51 ./Core/Src/gpio.o
 .debug_macro   0x000000000000108b      0x103 ./Core/Src/gpio.o
 .debug_macro   0x000000000000118e       0x6a ./Core/Src/gpio.o
 .debug_macro   0x00000000000011f8      0x1df ./Core/Src/gpio.o
 .debug_macro   0x00000000000013d7       0x1c ./Core/Src/gpio.o
 .debug_macro   0x00000000000013f3       0x22 ./Core/Src/gpio.o
 .debug_macro   0x0000000000001415       0xd9 ./Core/Src/gpio.o
 .debug_macro   0x00000000000014ee     0x102d ./Core/Src/gpio.o
 .debug_macro   0x000000000000251b      0x11f ./Core/Src/gpio.o
 .debug_macro   0x000000000000263a    0x16749 ./Core/Src/gpio.o
 .debug_macro   0x0000000000018d83       0x6d ./Core/Src/gpio.o
 .debug_macro   0x0000000000018df0     0x367e ./Core/Src/gpio.o
 .debug_macro   0x000000000001c46e      0x174 ./Core/Src/gpio.o
 .debug_macro   0x000000000001c5e2       0x5c ./Core/Src/gpio.o
 .debug_macro   0x000000000001c63e      0xc90 ./Core/Src/gpio.o
 .debug_macro   0x000000000001d2ce      0x9fe ./Core/Src/gpio.o
 .debug_macro   0x000000000001dccc      0x115 ./Core/Src/gpio.o
 .debug_macro   0x000000000001dde1      0x1a0 ./Core/Src/gpio.o
 .debug_macro   0x000000000001df81       0xa5 ./Core/Src/gpio.o
 .debug_macro   0x000000000001e026      0x16d ./Core/Src/gpio.o
 .debug_macro   0x000000000001e193      0x287 ./Core/Src/gpio.o
 .debug_macro   0x000000000001e41a       0x5f ./Core/Src/gpio.o
 .debug_macro   0x000000000001e479      0x236 ./Core/Src/gpio.o
 .debug_macro   0x000000000001e6af      0x132 ./Core/Src/gpio.o
 .debug_macro   0x000000000001e7e1      0x29c ./Core/Src/gpio.o
 .debug_macro   0x000000000001ea7d       0x2e ./Core/Src/gpio.o
 .debug_macro   0x000000000001eaab      0x1b5 ./Core/Src/gpio.o
 .debug_macro   0x000000000001ec60       0x22 ./Core/Src/gpio.o
 .debug_macro   0x000000000001ec82       0xd6 ./Core/Src/gpio.o
 .debug_macro   0x000000000001ed58      0x11a ./Core/Src/gpio.o
 .debug_macro   0x000000000001ee72       0xe8 ./Core/Src/gpio.o
 .debug_macro   0x000000000001ef5a       0x89 ./Core/Src/gpio.o
 .debug_macro   0x000000000001efe3      0x8e6 ./Core/Src/gpio.o
 .debug_macro   0x000000000001f8c9       0x4d ./Core/Src/gpio.o
 .debug_macro   0x000000000001f916      0x126 ./Core/Src/gpio.o
 .debug_macro   0x000000000001fa3c      0x1f1 ./Core/Src/i2c.o
 .debug_macro   0x000000000001fc2d      0x1ec ./Core/Src/liquidcrystal_i2c.o
 .debug_macro   0x000000000001fe19       0xd0 ./Core/Src/liquidcrystal_i2c.o
 .debug_macro   0x000000000001fee9      0x212 ./Core/Src/main.o
 .debug_macro   0x00000000000200fb       0xd6 ./Core/Src/main.o
 .debug_macro   0x00000000000201d1      0x1e7 ./Core/Src/stm32f4xx_hal_msp.o
 .debug_macro   0x00000000000203b8      0x217 ./Core/Src/stm32f4xx_it.o
 .debug_macro   0x00000000000205cf      0x1dd ./Core/Src/system_stm32f4xx.o
 .debug_macro   0x00000000000207ac      0x1f1 ./Core/Src/tim.o
 .debug_macro   0x000000000002099d      0x23d ./Drivers/STM32F4xx_HAL_Driver/Src/stm32f4xx_hal.o
 .debug_macro   0x0000000000020bda      0x1dd ./Drivers/STM32F4xx_HAL_Driver/Src/stm32f4xx_hal_cortex.o
 .debug_macro   0x0000000000020db7      0x1e3 ./Drivers/STM32F4xx_HAL_Driver/Src/stm32f4xx_hal_gpio.o
 .debug_macro   0x0000000000020f9a      0x224 ./Drivers/STM32F4xx_HAL_Driver/Src/stm32f4xx_hal_i2c.o
 .debug_macro   0x00000000000211be      0x201 ./Drivers/STM32F4xx_HAL_Driver/Src/stm32f4xx_hal_rcc.o
 .debug_macro   0x00000000000213bf      0x1dd ./Drivers/STM32F4xx_HAL_Driver/Src/stm32f4xx_hal_rcc_ex.o
 .debug_macro   0x000000000002159c      0x1de ./Drivers/STM32F4xx_HAL_Driver/Src/stm32f4xx_hal_tim.o
 .debug_macro   0x000000000002177a      0x1dd ./Drivers/STM32F4xx_HAL_Driver/Src/stm32f4xx_hal_tim_ex.o

.debug_line     0x0000000000000000    0x116a6
 .debug_line    0x0000000000000000      0x7b4 ./Core/Src/gpio.o
 .debug_line    0x00000000000007b4      0x7d1 ./Core/Src/i2c.o
 .debug_line    0x0000000000000f85      0xb46 ./Core/Src/liquidcrystal_i2c.o
 .debug_line    0x0000000000001acb      0x888 ./Core/Src/main.o
 .debug_line    0x0000000000002353      0x768 ./Core/Src/stm32f4xx_hal_msp.o
 .debug_line    0x0000000000002abb      0x9cb ./Core/Src/stm32f4xx_it.o
 .debug_line    0x0000000000003486      0x7e9 ./Core/Src/system_stm32f4xx.o
 .debug_line    0x0000000000003c6f      0x8ed ./Core/Src/tim.o
 .debug_line    0x000000000000455c       0x7a ./Core/Startup/startup_stm32f446retx.o
 .debug_line    0x00000000000045d6      0xa4f ./Drivers/STM32F4xx_HAL_Driver/Src/stm32f4xx_hal.o
 .debug_line    0x0000000000005025      0xcfe ./Drivers/STM32F4xx_HAL_Driver/Src/stm32f4xx_hal_cortex.o
 .debug_line    0x0000000000005d23      0xbaf ./Drivers/STM32F4xx_HAL_Driver/Src/stm32f4xx_hal_gpio.o
 .debug_line    0x00000000000068d2     0x3a11 ./Drivers/STM32F4xx_HAL_Driver/Src/stm32f4xx_hal_i2c.o
 .debug_line    0x000000000000a2e3      0xdd2 ./Drivers/STM32F4xx_HAL_Driver/Src/stm32f4xx_hal_rcc.o
 .debug_line    0x000000000000b0b5     0x146a ./Drivers/STM32F4xx_HAL_Driver/Src/stm32f4xx_hal_rcc_ex.o
 .debug_line    0x000000000000c51f     0x373b ./Drivers/STM32F4xx_HAL_Driver/Src/stm32f4xx_hal_tim.o
 .debug_line    0x000000000000fc5a     0x1a4c ./Drivers/STM32F4xx_HAL_Driver/Src/stm32f4xx_hal_tim_ex.o

.debug_str      0x0000000000000000    0xcd2ea
 .debug_str     0x0000000000000000    0xc90d9 ./Core/Src/gpio.o
                                      0xc9393 (size before relaxing)
 .debug_str     0x00000000000c90d9      0x54b ./Core/Src/i2c.o
                                      0xc9366 (size before relaxing)
 .debug_str     0x00000000000c9624      0x647 ./Core/Src/liquidcrystal_i2c.o
                                      0xc97c5 (size before relaxing)
 .debug_str     0x00000000000c9c6b      0x1fc ./Core/Src/main.o
                                      0xc9331 (size before relaxing)
 .debug_str     0x00000000000c9e67       0x2c ./Core/Src/stm32f4xx_hal_msp.o
                                      0xc8d67 (size before relaxing)
 .debug_str     0x00000000000c9e93      0x597 ./Core/Src/stm32f4xx_it.o
                                      0xc9546 (size before relaxing)
 .debug_str     0x00000000000ca42a       0xcb ./Core/Src/system_stm32f4xx.o
                                      0xc8e17 (size before relaxing)
 .debug_str     0x00000000000ca4f5      0x1c9 ./Core/Src/tim.o
                                      0xc9aac (size before relaxing)
 .debug_str     0x00000000000ca6be       0x34 ./Core/Startup/startup_stm32f446retx.o
                                         0x5e (size before relaxing)
 .debug_str     0x00000000000ca6f2      0x5f5 ./Drivers/STM32F4xx_HAL_Driver/Src/stm32f4xx_hal.o
                                      0xc99dc (size before relaxing)
 .debug_str     0x00000000000cace7      0x327 ./Drivers/STM32F4xx_HAL_Driver/Src/stm32f4xx_hal_cortex.o
                                      0xc96ea (size before relaxing)
 .debug_str     0x00000000000cb00e       0xd7 ./Drivers/STM32F4xx_HAL_Driver/Src/stm32f4xx_hal_gpio.o
                                      0xc8f92 (size before relaxing)
 .debug_str     0x00000000000cb0e5      0xafd ./Drivers/STM32F4xx_HAL_Driver/Src/stm32f4xx_hal_i2c.o
                                      0xc9dc2 (size before relaxing)
 .debug_str     0x00000000000cbbe2      0x213 ./Drivers/STM32F4xx_HAL_Driver/Src/stm32f4xx_hal_rcc.o
                                      0xc9250 (size before relaxing)
 .debug_str     0x00000000000cbdf5      0x324 ./Drivers/STM32F4xx_HAL_Driver/Src/stm32f4xx_hal_rcc_ex.o
                                      0xc9283 (size before relaxing)
 .debug_str     0x00000000000cc119      0xd3e ./Drivers/STM32F4xx_HAL_Driver/Src/stm32f4xx_hal_tim.o
                                      0xca16c (size before relaxing)
 .debug_str     0x00000000000cce57      0x493 ./Drivers/STM32F4xx_HAL_Driver/Src/stm32f4xx_hal_tim_ex.o
                                      0xc9988 (size before relaxing)

.debug_frame    0x0000000000000000     0x3acc
 .debug_frame   0x0000000000000000       0x34 ./Core/Src/gpio.o
 .debug_frame   0x0000000000000034       0x74 ./Core/Src/i2c.o
 .debug_frame   0x00000000000000a8      0x3f0 ./Core/Src/liquidcrystal_i2c.o
 .debug_frame   0x0000000000000498       0x90 ./Core/Src/main.o
 .debug_frame   0x0000000000000528       0x38 ./Core/Src/stm32f4xx_hal_msp.o
 .debug_frame   0x0000000000000560      0x1a4 ./Core/Src/stm32f4xx_it.o
 .debug_frame   0x0000000000000704       0x58 ./Core/Src/system_stm32f4xx.o
 .debug_frame   0x000000000000075c      0x138 ./Core/Src/tim.o
 .debug_frame   0x0000000000000894      0x374 ./Drivers/STM32F4xx_HAL_Driver/Src/stm32f4xx_hal.o
 .debug_frame   0x0000000000000c08      0x498 ./Drivers/STM32F4xx_HAL_Driver/Src/stm32f4xx_hal_cortex.o
 .debug_frame   0x00000000000010a0      0x14c ./Drivers/STM32F4xx_HAL_Driver/Src/stm32f4xx_hal_gpio.o
 .debug_frame   0x00000000000011ec      0xc5c ./Drivers/STM32F4xx_HAL_Driver/Src/stm32f4xx_hal_i2c.o
 .debug_frame   0x0000000000001e48      0x1f4 ./Drivers/STM32F4xx_HAL_Driver/Src/stm32f4xx_hal_rcc.o
 .debug_frame   0x000000000000203c      0x1e8 ./Drivers/STM32F4xx_HAL_Driver/Src/stm32f4xx_hal_rcc_ex.o
 .debug_frame   0x0000000000002224     0x11c4 ./Drivers/STM32F4xx_HAL_Driver/Src/stm32f4xx_hal_tim.o
 .debug_frame   0x00000000000033e8      0x638 ./Drivers/STM32F4xx_HAL_Driver/Src/stm32f4xx_hal_tim_ex.o
 .debug_frame   0x0000000000003a20       0x20 C:/ST/STM32CubeIDE_1.14.0/STM32CubeIDE/plugins/com.st.stm32cube.ide.mcu.externaltools.gnu-tools-for-stm32.11.3.rel1.win32_1.1.100.202309141235/tools/bin/../lib/gcc/arm-none-eabi/11.3.1/../../../../arm-none-eabi/lib/thumb/v7e-m+fp/hard\libc_nano.a(libc_a-memset.o)
 .debug_frame   0x0000000000003a40       0x2c C:/ST/STM32CubeIDE_1.14.0/STM32CubeIDE/plugins/com.st.stm32cube.ide.mcu.externaltools.gnu-tools-for-stm32.11.3.rel1.win32_1.1.100.202309141235/tools/bin/../lib/gcc/arm-none-eabi/11.3.1/../../../../arm-none-eabi/lib/thumb/v7e-m+fp/hard\libc_nano.a(libc_a-init.o)
 .debug_frame   0x0000000000003a6c       0x2c C:/ST/STM32CubeIDE_1.14.0/STM32CubeIDE/plugins/com.st.stm32cube.ide.mcu.externaltools.gnu-tools-for-stm32.11.3.rel1.win32_1.1.100.202309141235/tools/bin/../lib/gcc/arm-none-eabi/11.3.1/thumb/v7e-m+fp/hard\libgcc.a(_aeabi_uldivmod.o)
 .debug_frame   0x0000000000003a98       0x34 C:/ST/STM32CubeIDE_1.14.0/STM32CubeIDE/plugins/com.st.stm32cube.ide.mcu.externaltools.gnu-tools-for-stm32.11.3.rel1.win32_1.1.100.202309141235/tools/bin/../lib/gcc/arm-none-eabi/11.3.1/thumb/v7e-m+fp/hard\libgcc.a(_udivmoddi4.o)

.debug_line_str
                0x0000000000000000       0x52
 .debug_line_str
                0x0000000000000000       0x52 ./Core/Startup/startup_stm32f446retx.o
                                         0x6a (size before relaxing)
