../Core/Src/stm32f4xx_it.c:59:6:NMI_Handler	4	static
../Core/Src/stm32f4xx_it.c:74:6:HardFault_Handler	4	static
../Core/Src/stm32f4xx_it.c:89:6:MemManage_Handler	4	static
../Core/Src/stm32f4xx_it.c:104:6:BusFault_Handler	4	static
../Core/Src/stm32f4xx_it.c:119:6:UsageFault_Handler	4	static
../Core/Src/stm32f4xx_it.c:134:6:SVC_Handler	4	static
../Core/Src/stm32f4xx_it.c:147:6:DebugMon_Handler	4	static
../Core/Src/stm32f4xx_it.c:160:6:PendSV_Handler	4	static
../Core/Src/stm32f4xx_it.c:173:6:SysTick_Handler	8	static
../Core/Src/stm32f4xx_it.c:194:6:EXTI9_5_IRQHandler	8	static
../Core/Src/stm32f4xx_it.c:208:6:EXTI15_10_IRQHandler	8	static
../Core/Src/stm32f4xx_it.c:222:6:TIM6_DAC_IRQHandler	8	static
../Core/Src/stm32f4xx_it.c:234:6:HAL_GPIO_EXTI_Callback	16	static
../Core/Src/stm32f4xx_it.c:250:6:HAL_TIM_PeriodElapsedCallback	104	static
